>>> text_indentation = __import__('5-text_indentation').text_indentation

>>> text_indentation("This is text")
This is text

>>> text_indentation()
TypeError: text_indentation() missing 1 required positional argument: 'text'

>>> text_indentation(52)
Traceback (most recent call last):
TypeError: text must be a string

>>> text_indentation("Hello. How are you")
Hello.
How are you
